#
# There is insufficient memory for the Java Runtime Environment to continue.
# Native memory allocation (mmap) failed to map 98566144 bytes. Error detail: G1 virtual space
# Possible reasons:
#   The system is out of physical RAM or swap space
#   This process is running with CompressedOops enabled, and the Java Heap may be blocking the growth of the native heap
# Possible solutions:
#   Reduce memory load on the system
#   Increase physical memory or swap space
#   Check if swap backing store is full
#   Decrease Java heap size (-Xmx/-Xms)
#   Decrease number of Java threads
#   Decrease Java thread stack sizes (-Xss)
#   Set larger code cache with -XX:ReservedCodeCacheSize=
#   JVM is running with Unscaled Compressed Oops mode in which the Java heap is
#     placed in the first 4GB address space. The Java Heap base address is the
#     maximum limit for the native heap growth. Please use -XX:HeapBaseMinAddress
#     to set the Java Heap base and to place the Java Heap above 4GB virtual address.
# This output file may be truncated or incomplete.
#
#  Out of Memory Error (os_windows.cpp:3554), pid=5980, tid=10640
#
# JRE version:  (25.0+37) (build )
# Java VM: Java HotSpot(TM) 64-Bit Server VM (25+37-LTS-3491, mixed mode, sharing, tiered, compressed oops, compressed class ptrs, g1 gc, windows-amd64)
# No core dump will be written. Minidumps are not enabled by default on client versions of Windows
#

---------------  S U M M A R Y ------------

Command Line: com.adpl.kedaikopigui.layout.BoxLayoutKopi

Host: AMD Ryzen 3 7320U with Radeon Graphics         , 8 cores, 5G,  Windows 11 , 64 bit Build 22621 (10.0.22621.5415)
Time: Tue Sep 22 21:39:21 2026 SE Asia Standard Time elapsed time: 0.015226 seconds (0d 0h 0m 0s)

---------------  T H R E A D  ---------------

Current thread (0x000002889ddf9720):  JavaThread "Unknown thread" [_thread_in_vm, id=10640, stack(0x0000009916200000,0x0000009916300000) (1024K)]

Stack: [0x0000009916200000,0x0000009916300000]
Native frames: (J=compiled Java code, j=interpreted, Vv=VM code, C=native code)
V  [jvm.dll+0x7a6a39]  (no source info available)
V  [jvm.dll+0x7727ed]  (no source info available)
V  [jvm.dll+0x965f33]  (no source info available)
V  [jvm.dll+0x968531]  (no source info available)
V  [jvm.dll+0x968c33]  (no source info available)
V  [jvm.dll+0x2fc756]  (no source info available)
V  [jvm.dll+0x7a2c65]  (no source info available)
V  [jvm.dll+0x796077]  (no source info available)
V  [jvm.dll+0x3f4698]  (no source info available)
V  [jvm.dll+0x3fc5b6]  (no source info available)
V  [jvm.dll+0x3e8c8e]  (no source info available)
V  [jvm.dll+0x3e8f48]  (no source info available)
V  [jvm.dll+0x3c0045]  (no source info available)
V  [jvm.dll+0x3c0cce]  (no source info available)
V  [jvm.dll+0x92c647]  (no source info available)
V  [jvm.dll+0x458b62]  (no source info available)
V  [jvm.dll+0x90fff2]  (no source info available)
V  [jvm.dll+0x4f9001]  (no source info available)
V  [jvm.dll+0x4fa891]  (no source info available)
C  [jli.dll+0x543e]  (no source info available)
C  [ucrtbase.dll+0x29333]  (no source info available)
C  [KERNEL32.DLL+0x1259d]  (no source info available)
C  [ntdll.dll+0x5af78]  (no source info available)

Lock stack of current Java thread (top to bottom):


---------------  P R O C E S S  ---------------

Threads class SMR info:
_java_thread_list=0x00007ff847335308, length=0, elements={
}

Java Threads: ( => current thread )
Total: 0

Other Threads:
  0x000002889de3cc10 WorkerThread "GC Thread#0"                     [id=17008, stack(0x0000009916300000,0x0000009916400000) (1024K)]
  0x000002889de4f4a0 ConcurrentGCThread "G1 Main Marker"            [id=1484, stack(0x0000009916400000,0x0000009916500000) (1024K)]
  0x000002889de509d0 WorkerThread "G1 Conc#0"                       [id=10816, stack(0x0000009916500000,0x0000009916600000) (1024K)]

[error occurred during error reporting (printing all threads), id 0xc0000005, EXCEPTION_ACCESS_VIOLATION (0xc0000005) at pc=0x00007ff846a14c2a]
VM state: not at safepoint (not fully initialized)

VM Mutex/Monitor currently owned by a thread:  ([mutex/lock_event])
[0x00007ff8473b9628] Heap_lock - owner thread: 0x000002889ddf9720

Heap address: 0x00000000a2c00000, size: 1492 MB, Compressed Oops mode: 32-bit

CDS archive(s) mapped at: [0x0000000000000000-0x0000000000000000-0x0000000000000000), size 0, SharedBaseAddress: 0x0000000800000000, ArchiveRelocationMode: 1.
UseCompressedClassPointers 1, UseCompactObjectHeaders 0
Narrow klass pointer bits 32, Max shift 3
Narrow klass base: 0xffffffffffffffff, Narrow klass shift: -1
Encoding Range: [0xffffffffffffffff - 0x000000007fffffff), (2147483648 bytes)
Klass Range:    [0x0000000000000000 - 0x0000000000000000), (0 bytes)
Klass ID Range:  [4294967295 - 0) (1)
No protection zone.

GC Precious Log:
 CardTable entry size: 512
 Card Set container configuration: InlinePtr #cards 5 size 8 Array Of Cards #cards 10 size 36 Howl #buckets 4 coarsen threshold 1843 Howl Bitmap #cards 512 size 80 coarsen threshold 460 Card regions per heap region 1 cards per card region 2048

Heap:
 garbage-first heap   total reserved 1527808K, committed 0K, used 0K [0x00000000a2c00000, 0x0000000100000000)
  region size 1024K, 0 young (0K), 0 survivors (0K)

Heap Regions: E=young(eden), S=young(survivor), O=old, HS=humongous(starts), HC=humongous(continues), CS=collection set, F=free, TAMS=top-at-mark-start, PB=parsable bottom

Card table byte_map: [0x00000288b5c70000,0x00000288b5f60000] _byte_map_base: 0x00000288b575a000

Marking Bits: (CMBitMap*) 0x000002889de3d3a0
 Bits: [0x00000288b5f60000, 0x00000288b76b0000)

GC Heap Usage History (0 events):
No events

Metaspace Usage History (0 events):
No events

Dll operation events (1 events):
Event: 0.010 Loaded shared library C:\Program Files\Java\jdk-25\bin\java.dll

Deoptimization events (0 events):
No events

Classes loaded (0 events):
No events

Classes unloaded (0 events):
No events

Classes redefined (0 events):
No events

Internal exceptions (0 events):
No events

VM Operations (0 events):
No events

Memory protections (0 events):
No events

Nmethod flushes (0 events):
No events

Events (0 events):
No events


Dynamic libraries:
0x00007ff611ea0000 - 0x00007ff611eb0000 	C:\Program Files\Java\jdk-25\bin\java.exe
0x00007ff898fb0000 - 0x00007ff8991c8000 	C:\Windows\SYSTEM32\ntdll.dll
0x00007ff897b80000 - 0x00007ff897c44000 	C:\Windows\System32\KERNEL32.DLL
0x00007ff8964f0000 - 0x00007ff8968c3000 	C:\Windows\System32\KERNELBASE.dll
0x00007ff896a10000 - 0x00007ff896b21000 	C:\Windows\System32\ucrtbase.dll
0x00007ff88de60000 - 0x00007ff88de7e000 	C:\Program Files\Java\jdk-25\bin\VCRUNTIME140.dll
0x00007ff88de80000 - 0x00007ff88de97000 	C:\Program Files\Java\jdk-25\bin\jli.dll
0x00007ff897e00000 - 0x00007ff897fb2000 	C:\Windows\System32\USER32.dll
0x00007ff8962d0000 - 0x00007ff8962f6000 	C:\Windows\System32\win32u.dll
0x00007ff8972a0000 - 0x00007ff8972c9000 	C:\Windows\System32\GDI32.dll
0x00007ff882840000 - 0x00007ff882adc000 	C:\Windows\WinSxS\amd64_microsoft.windows.common-controls_6595b64144ccf1df_6.0.22621.6060_none_2712eda17382d24b\COMCTL32.dll
0x00007ff8961b0000 - 0x00007ff8962cb000 	C:\Windows\System32\gdi32full.dll
0x00007ff8980a0000 - 0x00007ff898147000 	C:\Windows\System32\msvcrt.dll
0x00007ff896bb0000 - 0x00007ff896c4a000 	C:\Windows\System32\msvcp_win.dll
0x00007ff896d60000 - 0x00007ff896d91000 	C:\Windows\System32\IMM32.DLL
0x00000000635a0000 - 0x00000000635ad000 	C:\Program Files (x86)\360\Total Security\safemon\SafeWrapper.dll
0x00007ff897d40000 - 0x00007ff897df1000 	C:\Windows\System32\ADVAPI32.dll
0x00007ff897140000 - 0x00007ff8971e8000 	C:\Windows\System32\sechost.dll
0x00007ff8960c0000 - 0x00007ff8960e8000 	C:\Windows\System32\bcrypt.dll
0x00007ff8985d0000 - 0x00007ff8986e8000 	C:\Windows\System32\RPCRT4.dll
0x00007ff893c40000 - 0x00007ff893d45000 	C:\Program Files (x86)\360\Total Security\safemon\libzdtp64.dll
0x00007ff8972d0000 - 0x00007ff897b6c000 	C:\Windows\System32\SHELL32.dll
0x00007ff8968d0000 - 0x00007ff896a0f000 	C:\Windows\System32\wintypes.dll
0x00007ff898850000 - 0x00007ff898be1000 	C:\Windows\System32\combase.dll
0x00007ff898db0000 - 0x00007ff898e19000 	C:\Windows\System32\SHLWAPI.dll
0x00007ff895c30000 - 0x00007ff895c3a000 	C:\Windows\SYSTEM32\VERSION.dll
0x00007ff88e5c0000 - 0x00007ff88e5cc000 	C:\Program Files\Java\jdk-25\bin\vcruntime140_1.dll
0x00007ff85eb90000 - 0x00007ff85ec1d000 	C:\Program Files\Java\jdk-25\bin\msvcp140.dll
0x00007ff846640000 - 0x00007ff84749f000 	C:\Program Files\Java\jdk-25\bin\server\jvm.dll
0x00007ff896e00000 - 0x00007ff896e71000 	C:\Windows\System32\WS2_32.dll
0x00007ff895f90000 - 0x00007ff895fdd000 	C:\Windows\SYSTEM32\POWRPROF.dll
0x00007ff88e730000 - 0x00007ff88e764000 	C:\Windows\SYSTEM32\WINMM.dll
0x00007ff895f70000 - 0x00007ff895f83000 	C:\Windows\SYSTEM32\UMPDC.dll
0x00007ff895000000 - 0x00007ff895018000 	C:\Windows\SYSTEM32\kernel.appcore.dll
0x00007ff88e370000 - 0x00007ff88e37a000 	C:\Program Files\Java\jdk-25\bin\jimage.dll
0x00007ff8939b0000 - 0x00007ff893be3000 	C:\Windows\SYSTEM32\DBGHELP.DLL
0x00007ff897fc0000 - 0x00007ff898098000 	C:\Windows\System32\OLEAUT32.dll
0x00007ff86b370000 - 0x00007ff86b3a2000 	C:\Windows\SYSTEM32\dbgcore.DLL
0x00007ff896300000 - 0x00007ff89637b000 	C:\Windows\System32\bcryptPrimitives.dll
0x00007ff88de30000 - 0x00007ff88de4f000 	C:\Program Files\Java\jdk-25\bin\java.dll
0x00007ff896e80000 - 0x00007ff897021000 	C:\Windows\System32\ole32.dll

JVMTI agents: none

dbghelp: loaded successfully - version: 4.0.5 - missing functions: none
symbol engine: initialized successfully - sym options: 0x614 - pdb path: .;C:\Program Files\Java\jdk-25\bin;C:\Windows\SYSTEM32;C:\Windows\WinSxS\amd64_microsoft.windows.common-controls_6595b64144ccf1df_6.0.22621.6060_none_2712eda17382d24b;C:\Program Files (x86)\360\Total Security\safemon;C:\Program Files\Java\jdk-25\bin\server

VM Arguments:
java_command: com.adpl.kedaikopigui.layout.BoxLayoutKopi
java_class_path (initial): D:\kuliahhh\arsitektrurPL\KedaiKopiGUI\target\classes
Launcher Type: SUN_STANDARD

[Global flags]
     intx CICompilerCount                          = 4                                         {product} {ergonomic}
     uint ConcGCThreads                            = 2                                         {product} {ergonomic}
     uint G1ConcRefinementThreads                  = 8                                         {product} {ergonomic}
   size_t G1HeapRegionSize                         = 1048576                                   {product} {ergonomic}
   size_t InitialHeapSize                          = 98566144                                  {product} {ergonomic}
   size_t MarkStackSize                            = 4194304                                   {product} {ergonomic}
   size_t MarkStackSizeMax                         = 536870912                                 {product} {ergonomic}
   size_t MaxHeapSize                              = 1564475392                                {product} {ergonomic}
   size_t MinHeapDeltaBytes                        = 1048576                                   {product} {ergonomic}
   size_t MinHeapSize                              = 8388608                                   {product} {ergonomic}
    uintx NonNMethodCodeHeapSize                   = 5832704                                {pd product} {ergonomic}
    uintx NonProfiledCodeHeapSize                  = 122945536                              {pd product} {ergonomic}
    uintx ProfiledCodeHeapSize                     = 122880000                              {pd product} {ergonomic}
    uintx ReservedCodeCacheSize                    = 251658240                              {pd product} {ergonomic}
     bool SegmentedCodeCache                       = true                                      {product} {ergonomic}
   size_t SoftMaxHeapSize                          = 1564475392                             {manageable} {ergonomic}
     bool UseCompressedOops                        = true                           {product lp64_product} {ergonomic}
     bool UseG1GC                                  = true                                      {product} {ergonomic}
     bool UseLargePagesIndividualAllocation        = false                                  {pd product} {ergonomic}

Logging:
Log output configuration:
 #0: stdout all=warning uptime,level,tags foldmultilines=false
 #1: stderr all=off uptime,level,tags foldmultilines=false

Release file:
<release file has not been read>
Environment Variables:
JAVA_HOME=C:\Program Files\Java\jdk-25
PATH=C:\Program Files\Common Files\Oracle\Java\javapath;%JAVA_HOME\bin;C:\Program Files (x86)\Common Files\Oracle\Java\javapath;C:\Program Files (x86)\Common Files\Intel\Shared Files\cpp\bin\Intel64;C:\Windows\system32;C:\Windows;C:\Windows\System32\Wbem;C:\Windows\System32\WindowsPowerShell\v1.0\;C:\Windows\System32\OpenSSH\;C:\Program Files\dotnet\;C:\Program Files\Java\jdk-25\bin;C:\Users\Lenovo\AppData\Local\Microsoft\WindowsApps;C:\Users\Lenovo\AppData\Local\Programs\Microsoft VS Code\bin;C:\Program Files\Java\jdk-25\bin;;D:\kuliahhh\netbeans\bin\
USERNAME=Lenovo
OS=Windows_NT
PROCESSOR_IDENTIFIER=AMD64 Family 23 Model 160 Stepping 0, AuthenticAMD
TMP=C:\Users\Lenovo\AppData\Local\Temp
TEMP=C:\Users\Lenovo\AppData\Local\Temp




Compilation memory statistics disabled.

Periodic native trim disabled

---------------  S Y S T E M  ---------------

OS:
 Windows 11 , 64 bit Build 22621 (10.0.22621.5415)
OS uptime: 0 days 1:34 hours
Hyper-V role detected

CPU: total 8 (initial active 8) (8 cores per cpu, 2 threads per core) family 23 model 160 stepping 0 microcode 0x0, cx8, cmov, fxsr, ht, mmx, 3dnowpref, sse, sse2, sse3, ssse3, sse4a, sse4.1, sse4.2, popcnt, lzcnt, tsc, tscinvbit, avx, avx2, aes, clmul, bmi1, bmi2, adx, sha, fma, vzeroupper, clflush, clflushopt, clwb, hv, rdtscp, rdpid, f16c
Processor Information for processor 0
  Max Mhz: 2401, Current Mhz: 2000, Mhz Limit: 2401
Processor Information for processor 1
  Max Mhz: 2401, Current Mhz: 2000, Mhz Limit: 2401
Processor Information for processor 2
  Max Mhz: 2401, Current Mhz: 2000, Mhz Limit: 2401
Processor Information for processor 3
  Max Mhz: 2401, Current Mhz: 2401, Mhz Limit: 2401
Processor Information for processor 4
  Max Mhz: 2401, Current Mhz: 2000, Mhz Limit: 2401
Processor Information for processor 5
  Max Mhz: 2401, Current Mhz: 2401, Mhz Limit: 2401
Processor Information for processor 6
  Max Mhz: 2401, Current Mhz: 2000, Mhz Limit: 2401
Processor Information for processor 7
  Max Mhz: 2401, Current Mhz: 2000, Mhz Limit: 2401

Memory: 4k page, system-wide physical 5965M (622M free)
TotalPageFile size 11276M (AvailPageFile size 79M)
current process WorkingSet (physical memory assigned to process): 13M, peak: 13M
current process commit charge ("private bytes"): 60M, peak: 154M

vm_info: Java HotSpot(TM) 64-Bit Server VM (25+37-LTS-3491) for windows-amd64 JRE (25+37-LTS-3491), built on 2025-08-14T21:13:00Z with unknown MS VC++:1943

END.
