#
# There is insufficient memory for the Java Runtime Environment to continue.
# Native memory allocation (mmap) failed to map 65536 bytes. Error detail: Failed to commit metaspace.
# Possible reasons:
#   The system is out of physical RAM or swap space
#   This process is running with CompressedOops enabled, and the Java Heap may be blocking the growth of the native heap
# Possible solutions:
#   Reduce memory load on the system
#   Increase physical memory or swap space
#   Check if swap backing store is full
#   Decrease Java heap size (-Xmx/-Xms)
#   Decrease number of Java threads
#   Decrease Java thread stack sizes (-Xss)
#   Set larger code cache with -XX:ReservedCodeCacheSize=
#   JVM is running with Unscaled Compressed Oops mode in which the Java heap is
#     placed in the first 4GB address space. The Java Heap base address is the
#     maximum limit for the native heap growth. Please use -XX:HeapBaseMinAddress
#     to set the Java Heap base and to place the Java Heap above 4GB virtual address.
# This output file may be truncated or incomplete.
#
#  Out of Memory Error (virtualSpaceNode.cpp:113), pid=9840, tid=7824
#
# JRE version: Java(TM) SE Runtime Environment (25.0+37) (build 25+37-LTS-3491)
# Java VM: Java HotSpot(TM) 64-Bit Server VM (25+37-LTS-3491, mixed mode, tiered, compressed oops, compressed class ptrs, g1 gc, windows-amd64)
# No core dump will be written. Minidumps are not enabled by default on client versions of Windows
#

---------------  S U M M A R Y ------------

Command Line: com.adpl.kedaikopigui.layout.CardLayoutPesan

Host: AMD Ryzen 3 7320U with Radeon Graphics         , 8 cores, 5G,  Windows 11 , 64 bit Build 22621 (10.0.22621.5415)
Time: Tue Sep 22 21:45:07 2026 SE Asia Standard Time elapsed time: 0.094900 seconds (0d 0h 0m 0s)

---------------  T H R E A D  ---------------

Current thread (0x00000162d0bec0c0):  JavaThread "main"             [_thread_in_vm, id=7824, stack(0x0000002f78d00000,0x0000002f78e00000) (1024K)]

Stack: [0x0000002f78d00000,0x0000002f78e00000]
Native frames: (J=compiled Java code, j=interpreted, Vv=VM code, C=native code)
V  [jvm.dll+0x7a6a39]  (no source info available)
V  [jvm.dll+0x7727ed]  (no source info available)
V  [jvm.dll+0x965f33]  (no source info available)
V  [jvm.dll+0x968531]  (no source info available)
V  [jvm.dll+0x968c33]  (no source info available)
V  [jvm.dll+0x2fc756]  (no source info available)
V  [jvm.dll+0x962dfe]  (no source info available)
V  [jvm.dll+0x73dab4]  (no source info available)
V  [jvm.dll+0x73db1a]  (no source info available)
V  [jvm.dll+0x740409]  (no source info available)
V  [jvm.dll+0x740195]  (no source info available)
V  [jvm.dll+0x29b372]  (no source info available)
V  [jvm.dll+0x73e4d8]  (no source info available)
V  [jvm.dll+0x2e1580]  (no source info available)
V  [jvm.dll+0x74a665]  (no source info available)
V  [jvm.dll+0x289f82]  (no source info available)
V  [jvm.dll+0x28a445]  (no source info available)
V  [jvm.dll+0x28ae1d]  (no source info available)
V  [jvm.dll+0x280856]  (no source info available)
V  [jvm.dll+0x668931]  (no source info available)
V  [jvm.dll+0x293271]  (no source info available)
V  [jvm.dll+0x8d4acf]  (no source info available)
V  [jvm.dll+0x8d5b2a]  (no source info available)
V  [jvm.dll+0x8d6062]  (no source info available)
V  [jvm.dll+0x8d5db6]  (no source info available)
V  [jvm.dll+0x2e5322]  (no source info available)
V  [jvm.dll+0x2e5556]  (no source info available)
V  [jvm.dll+0x6944c7]  (no source info available)
V  [jvm.dll+0x697836]  (no source info available)
V  [jvm.dll+0x4755ef]  (no source info available)
V  [jvm.dll+0x474cf3]  (no source info available)
C  0x00000162e2c394fc  (no source info available)

The last pc belongs to invokestatic (printed below).
Java frames: (J=compiled Java code, j=interpreted, Vv=VM code)
j  java.lang.AbstractStringBuilder.append(I)Ljava/lang/AbstractStringBuilder;+12 java.base
j  java.lang.StringBuilder.append(I)Ljava/lang/StringBuilder;+2 java.base
j  jdk.internal.module.ModuleBootstrap.decode(Ljava/lang/String;Ljava/lang/String;Z)Ljava/util/Map;+14 java.base
j  jdk.internal.module.ModuleBootstrap.initModulePatcher()Ljdk/internal/module/ModulePatcher;+7 java.base
j  jdk.internal.module.ModuleBootstrap.<clinit>()V+28 java.base
v  ~StubRoutines::call_stub 0x00000162e2c212ed
j  java.lang.System.initPhase2(ZZ)I+0 java.base
v  ~StubRoutines::call_stub 0x00000162e2c212ed
Lock stack of current Java thread (top to bottom):

invokestatic  184 invokestatic  [0x00000162e2c39460, 0x00000162e2c39720]  704 bytes
[MachCode]
  0x00000162e2c39460: 4883 ec08 | c5fa 1104 | 24eb 1f48 | 83ec 10c5 | fb11 0424 | eb14 4883 | ec10 4889 | 0424 48c7 
  0x00000162e2c39480: 4424 0800 | 0000 00eb | 0150 488b | 4dd0 410f | b755 0148 | 8b49 386b | d218 488d | 4c11 080f 
  0x00000162e2c394a0: b659 1681 | fbb8 0000 | 000f 84bd | 0000 00bb | b800 0000 | e805 0000 | 00e9 9900 | 0000 488b 
  0x00000162e2c394c0: d348 8d44 | 2408 4c89 | 6dc0 498b | cfc5 f877 | 4989 af38 | 0400 0049 | 8987 2804 | 0000 4883 
  0x00000162e2c394e0: ec20 40f6 | c40f 0f84 | 1900 0000 | 4883 ec08 | 48b8 804b | ab46 f87f | 0000 ffd0 | 4883 c408 
  0x00000162e2c39500: e90c 0000 | 0048 b880 | 4bab 46f8 | 7f00 00ff | d048 83c4 | 2049 c787 | 2804 0000 | 0000 0000 
  0x00000162e2c39520: 49c7 8738 | 0400 0000 | 0000 0049 | c787 3004 | 0000 0000 | 0000 c5f8 | 7749 837f | 0800 0f84 
  0x00000162e2c39540: 0500 0000 | e997 7cfe | ff4c 8b6d | c04c 8b75 | c84e 8d74 | f500 c348 | 8b4d d041 | 0fb7 5501 
  0x00000162e2c39560: 488b 4938 | 6bd2 1848 | 8d4c 1108 | 488b 1948 | 8b5b 0848 | 8b5b 0848 | 8b5b 1880 | bb30 0100 
  0x00000162e2c39580: 0004 0f84 | 0d00 0000 | 4c3b bb38 | 0100 000f | 851a ffff | ff0f b651 | 1548 8b19 | 4c89 6dc0 
  0x00000162e2c395a0: 448b ea0f | b651 1449 | ba50 973c | 47f8 7f00 | 0049 8b14 | d252 418b | d54c 8b6d | c048 8b45 
  0x00000162e2c395c0: d848 85c0 | 0f84 0d00 | 0000 4883 | 4008 0148 | 83c0 1048 | 8945 d848 | 8b45 d848 | 85c0 0f84 
  0x00000162e2c395e0: 2301 0000 | 8078 f00a | 0f85 1901 | 0000 4883 | c008 4c8b | 68f8 4183 | ed00 4183 | fd02 0f8c 
  0x00000162e2c39600: f800 0000 | 4c8b 6b08 | 450f b76d | 2e4c 2b28 | 4183 ed01 | 4e8b 6cec | 084d 85ed | 750e f640 
  0x00000162e2c39620: 0801 754b | f048 8348 | 0801 eb43 | 458b 6d08 | 4d8b d54c | 3368 0849 | f7c5 fcff | ffff 742f 
  0x00000162e2c39640: 41f6 c502 | 7529 4883 | 7808 0074 | 1e48 8378 | 0801 7417 | 4d8b ea4c | 3368 0849 | f7c5 fcff 
  0x00000162e2c39660: ffff 740b | 4883 4808 | 02eb 044c | 8968 0848 | 83c0 104c | 8b68 e841 | 83ed 0241 | 83fd 020f 
  0x00000162e2c39680: 8c77 0000 | 004c 8b6b | 0845 0fb7 | 6d2e 4c2b | 2841 83ed | 014e 8b6c | ec08 4d85 | ed75 0ef6 
  0x00000162e2c396a0: 4008 0175 | 4bf0 4883 | 4808 01eb | 4345 8b6d | 084d 8bd5 | 4c33 6808 | 49f7 c5fc | ffff ff74 
  0x00000162e2c396c0: 2f41 f6c5 | 0275 2948 | 8378 0800 | 741e 4883 | 7808 0174 | 174d 8bea | 4c33 6808 | 49f7 c5fc 
  0x00000162e2c396e0: ffff ff74 | 0b48 8348 | 0802 eb04 | 4c89 6808 | 4883 c010 | 4c8b 68d8 | 4183 ed04 | 41c1 e503 
  0x00000162e2c39700: 4903 c548 | 8945 d84c | 8d6c 2408 | 498b cd48 | 2bcd 48c1 | f903 4889 | 4df0 ff63 | 5066 6690 
[/MachCode]

---------------  P R O C E S S  ---------------

Threads class SMR info:
_java_thread_list=0x00000162ef15ab40, length=9, elements={
0x00000162d0bec0c0, 0x00000162ef186b40, 0x00000162ef1879a0, 0x00000162ef192e50,
0x00000162ef193a10, 0x00000162ef1945d0, 0x00000162ef195190, 0x00000162ef19e2a0,
0x00000162ef1beee0
}

Java Threads: ( => current thread )
=>0x00000162d0bec0c0 JavaThread "main"                              [_thread_in_vm, id=7824, stack(0x0000002f78d00000,0x0000002f78e00000) (1024K)]
  0x00000162ef186b40 JavaThread "Reference Handler"          daemon [_thread_blocked, id=4104, stack(0x0000002f79500000,0x0000002f79600000) (1024K)]
  0x00000162ef1879a0 JavaThread "Finalizer"                  daemon [_thread_blocked, id=16204, stack(0x0000002f79600000,0x0000002f79700000) (1024K)]
  0x00000162ef192e50 JavaThread "Signal Dispatcher"          daemon [_thread_blocked, id=1704, stack(0x0000002f79700000,0x0000002f79800000) (1024K)]
  0x00000162ef193a10 JavaThread "Attach Listener"            daemon [_thread_blocked, id=3236, stack(0x0000002f79800000,0x0000002f79900000) (1024K)]
  0x00000162ef1945d0 JavaThread "Service Thread"             daemon [_thread_blocked, id=10648, stack(0x0000002f79900000,0x0000002f79a00000) (1024K)]
  0x00000162ef195190 JavaThread "Monitor Deflation Thread"   daemon [_thread_blocked, id=5404, stack(0x0000002f79a00000,0x0000002f79b00000) (1024K)]
  0x00000162ef19e2a0 JavaThread "C2 CompilerThread0"         daemon [_thread_blocked, id=14464, stack(0x0000002f79b00000,0x0000002f79c00000) (1024K)]
  0x00000162ef1beee0 JavaThread "C1 CompilerThread0"         daemon [_thread_blocked, id=18040, stack(0x0000002f79c00000,0x0000002f79d00000) (1024K)]
Total: 9

Other Threads:
  0x00000162ef14af30 VMThread "VM Thread"                           [id=14844, stack(0x0000002f79400000,0x0000002f79500000) (1024K)]
  0x00000162ef108ea0 WatcherThread "VM Periodic Task Thread"        [id=17932, stack(0x0000002f79300000,0x0000002f79400000) (1024K)]
  0x00000162d2edbe90 WorkerThread "GC Thread#0"                     [id=684, stack(0x0000002f78e00000,0x0000002f78f00000) (1024K)]
  0x00000162d2eee720 ConcurrentGCThread "G1 Main Marker"            [id=11792, stack(0x0000002f78f00000,0x0000002f79000000) (1024K)]
  0x00000162d2eefc50 WorkerThread "G1 Conc#0"                       [id=3484, stack(0x0000002f79000000,0x0000002f79100000) (1024K)]
  0x00000162eefdf520 ConcurrentGCThread "G1 Refine#0"               [id=14076, stack(0x0000002f79100000,0x0000002f79200000) (1024K)]
  0x00000162eefdff30 ConcurrentGCThread "G1 Service"                [id=3964, stack(0x0000002f79200000,0x0000002f79300000) (1024K)]
Total: 7

Threads with active compile tasks:
Total: 0

VM state: not at safepoint (normal execution)

VM Mutex/Monitor currently owned by a thread:  ([mutex/lock_event])
[0x00007ff8473b72a8] Metaspace_lock - owner thread: 0x00000162d0bec0c0

Heap address: 0x00000000a2c00000, size: 1492 MB, Compressed Oops mode: 32-bit

CDS archive(s) not mapped
Compressed class space mapped at: 0x0000000008000000-0x0000000048000000, reserved size: 1073741824
UseCompressedClassPointers 1, UseCompactObjectHeaders 0
Narrow klass pointer bits 32, Max shift 3
Narrow klass base: 0x0000000000000000, Narrow klass shift: 0
Encoding Range: [0x0000000000000000 - 0x0000000100000000), (4294967296 bytes)
Klass Range:    [0x0000000008000000 - 0x0000000048000000), (1073741824 bytes)
Klass ID Range:  [134217728 - 1207959545) (1073741817)
No protection zone.

GC Precious Log:
 CardTable entry size: 512
 Card Set container configuration: InlinePtr #cards 5 size 8 Array Of Cards #cards 10 size 36 Howl #buckets 4 coarsen threshold 1843 Howl Bitmap #cards 512 size 80 coarsen threshold 460 Card regions per heap region 1 cards per card region 2048
 CPUs: 8 total, 8 available
 Memory: 5965M
 Large Page Support: Disabled
 NUMA Support: Disabled
 Compressed Oops: Enabled (32-bit)
 Heap Region Size: 1M
 Heap Min Capacity: 8M
 Heap Initial Capacity: 94M
 Heap Max Capacity: 1492M
 Pre-touch: Disabled
 Parallel Workers: 8
 Concurrent Workers: 2
 Concurrent Refinement Workers: 8
 Periodic GC: Disabled

Heap:
 garbage-first heap   total reserved 1527808K, committed 96256K, used 1024K [0x00000000a2c00000, 0x0000000100000000)
  region size 1024K, 2 young (2048K), 0 survivors (0K)

Heap Regions: E=young(eden), S=young(survivor), O=old, HS=humongous(starts), HC=humongous(continues), CS=collection set, F=free, TAMS=top-at-mark-start, PB=parsable bottom
|   0|0x00000000a2c00000, 0x00000000a2c00000, 0x00000000a2d00000|  0%| F|  |TAMS 0x00000000a2c00000| PB 0x00000000a2c00000| Untracked |  0
|   1|0x00000000a2d00000, 0x00000000a2d00000, 0x00000000a2e00000|  0%| F|  |TAMS 0x00000000a2d00000| PB 0x00000000a2d00000| Untracked |  0
|   2|0x00000000a2e00000, 0x00000000a2e00000, 0x00000000a2f00000|  0%| F|  |TAMS 0x00000000a2e00000| PB 0x00000000a2e00000| Untracked |  0
|   3|0x00000000a2f00000, 0x00000000a2f00000, 0x00000000a3000000|  0%| F|  |TAMS 0x00000000a2f00000| PB 0x00000000a2f00000| Untracked |  0
|   4|0x00000000a3000000, 0x00000000a3000000, 0x00000000a3100000|  0%| F|  |TAMS 0x00000000a3000000| PB 0x00000000a3000000| Untracked |  0
|   5|0x00000000a3100000, 0x00000000a3100000, 0x00000000a3200000|  0%| F|  |TAMS 0x00000000a3100000| PB 0x00000000a3100000| Untracked |  0
|   6|0x00000000a3200000, 0x00000000a3200000, 0x00000000a3300000|  0%| F|  |TAMS 0x00000000a3200000| PB 0x00000000a3200000| Untracked |  0
|   7|0x00000000a3300000, 0x00000000a3300000, 0x00000000a3400000|  0%| F|  |TAMS 0x00000000a3300000| PB 0x00000000a3300000| Untracked |  0
|   8|0x00000000a3400000, 0x00000000a3400000, 0x00000000a3500000|  0%| F|  |TAMS 0x00000000a3400000| PB 0x00000000a3400000| Untracked |  0
|   9|0x00000000a3500000, 0x00000000a3500000, 0x00000000a3600000|  0%| F|  |TAMS 0x00000000a3500000| PB 0x00000000a3500000| Untracked |  0
|  10|0x00000000a3600000, 0x00000000a3600000, 0x00000000a3700000|  0%| F|  |TAMS 0x00000000a3600000| PB 0x00000000a3600000| Untracked |  0
|  11|0x00000000a3700000, 0x00000000a3700000, 0x00000000a3800000|  0%| F|  |TAMS 0x00000000a3700000| PB 0x00000000a3700000| Untracked |  0
|  12|0x00000000a3800000, 0x00000000a3800000, 0x00000000a3900000|  0%| F|  |TAMS 0x00000000a3800000| PB 0x00000000a3800000| Untracked |  0
|  13|0x00000000a3900000, 0x00000000a3900000, 0x00000000a3a00000|  0%| F|  |TAMS 0x00000000a3900000| PB 0x00000000a3900000| Untracked |  0
|  14|0x00000000a3a00000, 0x00000000a3a00000, 0x00000000a3b00000|  0%| F|  |TAMS 0x00000000a3a00000| PB 0x00000000a3a00000| Untracked |  0
|  15|0x00000000a3b00000, 0x00000000a3b00000, 0x00000000a3c00000|  0%| F|  |TAMS 0x00000000a3b00000| PB 0x00000000a3b00000| Untracked |  0
|  16|0x00000000a3c00000, 0x00000000a3c00000, 0x00000000a3d00000|  0%| F|  |TAMS 0x00000000a3c00000| PB 0x00000000a3c00000| Untracked |  0
|  17|0x00000000a3d00000, 0x00000000a3d00000, 0x00000000a3e00000|  0%| F|  |TAMS 0x00000000a3d00000| PB 0x00000000a3d00000| Untracked |  0
|  18|0x00000000a3e00000, 0x00000000a3e00000, 0x00000000a3f00000|  0%| F|  |TAMS 0x00000000a3e00000| PB 0x00000000a3e00000| Untracked |  0
|  19|0x00000000a3f00000, 0x00000000a3f00000, 0x00000000a4000000|  0%| F|  |TAMS 0x00000000a3f00000| PB 0x00000000a3f00000| Untracked |  0
|  20|0x00000000a4000000, 0x00000000a4000000, 0x00000000a4100000|  0%| F|  |TAMS 0x00000000a4000000| PB 0x00000000a4000000| Untracked |  0
|  21|0x00000000a4100000, 0x00000000a4100000, 0x00000000a4200000|  0%| F|  |TAMS 0x00000000a4100000| PB 0x00000000a4100000| Untracked |  0
|  22|0x00000000a4200000, 0x00000000a4200000, 0x00000000a4300000|  0%| F|  |TAMS 0x00000000a4200000| PB 0x00000000a4200000| Untracked |  0
|  23|0x00000000a4300000, 0x00000000a4300000, 0x00000000a4400000|  0%| F|  |TAMS 0x00000000a4300000| PB 0x00000000a4300000| Untracked |  0
|  24|0x00000000a4400000, 0x00000000a4400000, 0x00000000a4500000|  0%| F|  |TAMS 0x00000000a4400000| PB 0x00000000a4400000| Untracked |  0
|  25|0x00000000a4500000, 0x00000000a4500000, 0x00000000a4600000|  0%| F|  |TAMS 0x00000000a4500000| PB 0x00000000a4500000| Untracked |  0
|  26|0x00000000a4600000, 0x00000000a4600000, 0x00000000a4700000|  0%| F|  |TAMS 0x00000000a4600000| PB 0x00000000a4600000| Untracked |  0
|  27|0x00000000a4700000, 0x00000000a4700000, 0x00000000a4800000|  0%| F|  |TAMS 0x00000000a4700000| PB 0x00000000a4700000| Untracked |  0
|  28|0x00000000a4800000, 0x00000000a4800000, 0x00000000a4900000|  0%| F|  |TAMS 0x00000000a4800000| PB 0x00000000a4800000| Untracked |  0
|  29|0x00000000a4900000, 0x00000000a4900000, 0x00000000a4a00000|  0%| F|  |TAMS 0x00000000a4900000| PB 0x00000000a4900000| Untracked |  0
|  30|0x00000000a4a00000, 0x00000000a4a00000, 0x00000000a4b00000|  0%| F|  |TAMS 0x00000000a4a00000| PB 0x00000000a4a00000| Untracked |  0
|  31|0x00000000a4b00000, 0x00000000a4b00000, 0x00000000a4c00000|  0%| F|  |TAMS 0x00000000a4b00000| PB 0x00000000a4b00000| Untracked |  0
|  32|0x00000000a4c00000, 0x00000000a4c00000, 0x00000000a4d00000|  0%| F|  |TAMS 0x00000000a4c00000| PB 0x00000000a4c00000| Untracked |  0
|  33|0x00000000a4d00000, 0x00000000a4d00000, 0x00000000a4e00000|  0%| F|  |TAMS 0x00000000a4d00000| PB 0x00000000a4d00000| Untracked |  0
|  34|0x00000000a4e00000, 0x00000000a4e00000, 0x00000000a4f00000|  0%| F|  |TAMS 0x00000000a4e00000| PB 0x00000000a4e00000| Untracked |  0
|  35|0x00000000a4f00000, 0x00000000a4f00000, 0x00000000a5000000|  0%| F|  |TAMS 0x00000000a4f00000| PB 0x00000000a4f00000| Untracked |  0
|  36|0x00000000a5000000, 0x00000000a5000000, 0x00000000a5100000|  0%| F|  |TAMS 0x00000000a5000000| PB 0x00000000a5000000| Untracked |  0
|  37|0x00000000a5100000, 0x00000000a5100000, 0x00000000a5200000|  0%| F|  |TAMS 0x00000000a5100000| PB 0x00000000a5100000| Untracked |  0
|  38|0x00000000a5200000, 0x00000000a5200000, 0x00000000a5300000|  0%| F|  |TAMS 0x00000000a5200000| PB 0x00000000a5200000| Untracked |  0
|  39|0x00000000a5300000, 0x00000000a5300000, 0x00000000a5400000|  0%| F|  |TAMS 0x00000000a5300000| PB 0x00000000a5300000| Untracked |  0
|  40|0x00000000a5400000, 0x00000000a5400000, 0x00000000a5500000|  0%| F|  |TAMS 0x00000000a5400000| PB 0x00000000a5400000| Untracked |  0
|  41|0x00000000a5500000, 0x00000000a5500000, 0x00000000a5600000|  0%| F|  |TAMS 0x00000000a5500000| PB 0x00000000a5500000| Untracked |  0
|  42|0x00000000a5600000, 0x00000000a5600000, 0x00000000a5700000|  0%| F|  |TAMS 0x00000000a5600000| PB 0x00000000a5600000| Untracked |  0
|  43|0x00000000a5700000, 0x00000000a5700000, 0x00000000a5800000|  0%| F|  |TAMS 0x00000000a5700000| PB 0x00000000a5700000| Untracked |  0
|  44|0x00000000a5800000, 0x00000000a5800000, 0x00000000a5900000|  0%| F|  |TAMS 0x00000000a5800000| PB 0x00000000a5800000| Untracked |  0
|  45|0x00000000a5900000, 0x00000000a5900000, 0x00000000a5a00000|  0%| F|  |TAMS 0x00000000a5900000| PB 0x00000000a5900000| Untracked |  0
|  46|0x00000000a5a00000, 0x00000000a5a00000, 0x00000000a5b00000|  0%| F|  |TAMS 0x00000000a5a00000| PB 0x00000000a5a00000| Untracked |  0
|  47|0x00000000a5b00000, 0x00000000a5b00000, 0x00000000a5c00000|  0%| F|  |TAMS 0x00000000a5b00000| PB 0x00000000a5b00000| Untracked |  0
|  48|0x00000000a5c00000, 0x00000000a5c00000, 0x00000000a5d00000|  0%| F|  |TAMS 0x00000000a5c00000| PB 0x00000000a5c00000| Untracked |  0
|  49|0x00000000a5d00000, 0x00000000a5d00000, 0x00000000a5e00000|  0%| F|  |TAMS 0x00000000a5d00000| PB 0x00000000a5d00000| Untracked |  0
|  50|0x00000000a5e00000, 0x00000000a5e00000, 0x00000000a5f00000|  0%| F|  |TAMS 0x00000000a5e00000| PB 0x00000000a5e00000| Untracked |  0
|  51|0x00000000a5f00000, 0x00000000a5f00000, 0x00000000a6000000|  0%| F|  |TAMS 0x00000000a5f00000| PB 0x00000000a5f00000| Untracked |  0
|  52|0x00000000a6000000, 0x00000000a6000000, 0x00000000a6100000|  0%| F|  |TAMS 0x00000000a6000000| PB 0x00000000a6000000| Untracked |  0
|  53|0x00000000a6100000, 0x00000000a6100000, 0x00000000a6200000|  0%| F|  |TAMS 0x00000000a6100000| PB 0x00000000a6100000| Untracked |  0
|  54|0x00000000a6200000, 0x00000000a6200000, 0x00000000a6300000|  0%| F|  |TAMS 0x00000000a6200000| PB 0x00000000a6200000| Untracked |  0
|  55|0x00000000a6300000, 0x00000000a6300000, 0x00000000a6400000|  0%| F|  |TAMS 0x00000000a6300000| PB 0x00000000a6300000| Untracked |  0
|  56|0x00000000a6400000, 0x00000000a6400000, 0x00000000a6500000|  0%| F|  |TAMS 0x00000000a6400000| PB 0x00000000a6400000| Untracked |  0
|  57|0x00000000a6500000, 0x00000000a6500000, 0x00000000a6600000|  0%| F|  |TAMS 0x00000000a6500000| PB 0x00000000a6500000| Untracked |  0
|  58|0x00000000a6600000, 0x00000000a6600000, 0x00000000a6700000|  0%| F|  |TAMS 0x00000000a6600000| PB 0x00000000a6600000| Untracked |  0
|  59|0x00000000a6700000, 0x00000000a6700000, 0x00000000a6800000|  0%| F|  |TAMS 0x00000000a6700000| PB 0x00000000a6700000| Untracked |  0
|  60|0x00000000a6800000, 0x00000000a6800000, 0x00000000a6900000|  0%| F|  |TAMS 0x00000000a6800000| PB 0x00000000a6800000| Untracked |  0
|  61|0x00000000a6900000, 0x00000000a6900000, 0x00000000a6a00000|  0%| F|  |TAMS 0x00000000a6900000| PB 0x00000000a6900000| Untracked |  0
|  62|0x00000000a6a00000, 0x00000000a6a00000, 0x00000000a6b00000|  0%| F|  |TAMS 0x00000000a6a00000| PB 0x00000000a6a00000| Untracked |  0
|  63|0x00000000a6b00000, 0x00000000a6b00000, 0x00000000a6c00000|  0%| F|  |TAMS 0x00000000a6b00000| PB 0x00000000a6b00000| Untracked |  0
|  64|0x00000000a6c00000, 0x00000000a6c00000, 0x00000000a6d00000|  0%| F|  |TAMS 0x00000000a6c00000| PB 0x00000000a6c00000| Untracked |  0
|  65|0x00000000a6d00000, 0x00000000a6d00000, 0x00000000a6e00000|  0%| F|  |TAMS 0x00000000a6d00000| PB 0x00000000a6d00000| Untracked |  0
|  66|0x00000000a6e00000, 0x00000000a6e00000, 0x00000000a6f00000|  0%| F|  |TAMS 0x00000000a6e00000| PB 0x00000000a6e00000| Untracked |  0
|  67|0x00000000a6f00000, 0x00000000a6f00000, 0x00000000a7000000|  0%| F|  |TAMS 0x00000000a6f00000| PB 0x00000000a6f00000| Untracked |  0
|  68|0x00000000a7000000, 0x00000000a7000000, 0x00000000a7100000|  0%| F|  |TAMS 0x00000000a7000000| PB 0x00000000a7000000| Untracked |  0
|  69|0x00000000a7100000, 0x00000000a7100000, 0x00000000a7200000|  0%| F|  |TAMS 0x00000000a7100000| PB 0x00000000a7100000| Untracked |  0
|  70|0x00000000a7200000, 0x00000000a7200000, 0x00000000a7300000|  0%| F|  |TAMS 0x00000000a7200000| PB 0x00000000a7200000| Untracked |  0
|  71|0x00000000a7300000, 0x00000000a7300000, 0x00000000a7400000|  0%| F|  |TAMS 0x00000000a7300000| PB 0x00000000a7300000| Untracked |  0
|  72|0x00000000a7400000, 0x00000000a7400000, 0x00000000a7500000|  0%| F|  |TAMS 0x00000000a7400000| PB 0x00000000a7400000| Untracked |  0
|  73|0x00000000a7500000, 0x00000000a7500000, 0x00000000a7600000|  0%| F|  |TAMS 0x00000000a7500000| PB 0x00000000a7500000| Untracked |  0
|  74|0x00000000a7600000, 0x00000000a7600000, 0x00000000a7700000|  0%| F|  |TAMS 0x00000000a7600000| PB 0x00000000a7600000| Untracked |  0
|  75|0x00000000a7700000, 0x00000000a7700000, 0x00000000a7800000|  0%| F|  |TAMS 0x00000000a7700000| PB 0x00000000a7700000| Untracked |  0
|  76|0x00000000a7800000, 0x00000000a7800000, 0x00000000a7900000|  0%| F|  |TAMS 0x00000000a7800000| PB 0x00000000a7800000| Untracked |  0
|  77|0x00000000a7900000, 0x00000000a7900000, 0x00000000a7a00000|  0%| F|  |TAMS 0x00000000a7900000| PB 0x00000000a7900000| Untracked |  0
|  78|0x00000000a7a00000, 0x00000000a7a00000, 0x00000000a7b00000|  0%| F|  |TAMS 0x00000000a7a00000| PB 0x00000000a7a00000| Untracked |  0
|  79|0x00000000a7b00000, 0x00000000a7b00000, 0x00000000a7c00000|  0%| F|  |TAMS 0x00000000a7b00000| PB 0x00000000a7b00000| Untracked |  0
|  80|0x00000000a7c00000, 0x00000000a7c00000, 0x00000000a7d00000|  0%| F|  |TAMS 0x00000000a7c00000| PB 0x00000000a7c00000| Untracked |  0
|  81|0x00000000a7d00000, 0x00000000a7d00000, 0x00000000a7e00000|  0%| F|  |TAMS 0x00000000a7d00000| PB 0x00000000a7d00000| Untracked |  0
|  82|0x00000000a7e00000, 0x00000000a7e00000, 0x00000000a7f00000|  0%| F|  |TAMS 0x00000000a7e00000| PB 0x00000000a7e00000| Untracked |  0
|  83|0x00000000a7f00000, 0x00000000a7f00000, 0x00000000a8000000|  0%| F|  |TAMS 0x00000000a7f00000| PB 0x00000000a7f00000| Untracked |  0
|  84|0x00000000a8000000, 0x00000000a8000000, 0x00000000a8100000|  0%| F|  |TAMS 0x00000000a8000000| PB 0x00000000a8000000| Untracked |  0
|  85|0x00000000a8100000, 0x00000000a8100000, 0x00000000a8200000|  0%| F|  |TAMS 0x00000000a8100000| PB 0x00000000a8100000| Untracked |  0
|  86|0x00000000a8200000, 0x00000000a8200000, 0x00000000a8300000|  0%| F|  |TAMS 0x00000000a8200000| PB 0x00000000a8200000| Untracked |  0
|  87|0x00000000a8300000, 0x00000000a8300000, 0x00000000a8400000|  0%| F|  |TAMS 0x00000000a8300000| PB 0x00000000a8300000| Untracked |  0
|  88|0x00000000a8400000, 0x00000000a8400000, 0x00000000a8500000|  0%| F|  |TAMS 0x00000000a8400000| PB 0x00000000a8400000| Untracked |  0
|  89|0x00000000a8500000, 0x00000000a8500000, 0x00000000a8600000|  0%| F|  |TAMS 0x00000000a8500000| PB 0x00000000a8500000| Untracked |  0
|  90|0x00000000a8600000, 0x00000000a8600000, 0x00000000a8700000|  0%| F|  |TAMS 0x00000000a8600000| PB 0x00000000a8600000| Untracked |  0
|  91|0x00000000a8700000, 0x00000000a8700000, 0x00000000a8800000|  0%| F|  |TAMS 0x00000000a8700000| PB 0x00000000a8700000| Untracked |  0
|  92|0x00000000a8800000, 0x00000000a8880000, 0x00000000a8900000| 50%| E|  |TAMS 0x00000000a8800000| PB 0x00000000a8800000| Complete |  0
|  93|0x00000000a8900000, 0x00000000a8a00000, 0x00000000a8a00000|100%| E|CS|TAMS 0x00000000a8900000| PB 0x00000000a8900000| Complete |  0

Card table byte_map: [0x00000162ead10000,0x00000162eb000000] _byte_map_base: 0x00000162ea7fa000

Marking Bits: (CMBitMap*) 0x00000162d2edc620
 Bits: [0x00000162eb000000, 0x00000162ec750000)

Polling page: 0x00000162d24d0000

Metaspace:
Metaspace        used 3246K, committed 3264K, reserved 1114112K
 class space     used 175K, committed 192K, reserved 1048576K

Usage:
  Non-class:      3.00 MB used.
      Class:    175.23 KB used.
       Both:      3.17 MB used.

Virtual space:
  Non-class space:       64.00 MB reserved,       3.00 MB (  5%) committed,  1 nodes.
      Class space:        1.00 GB reserved,     192.00 KB ( <1%) committed,  1 nodes.
             Both:        1.06 GB reserved,       3.19 MB ( <1%) committed. 

Chunk freelists:
   Non-Class:  12.00 MB
       Class:  15.75 MB
        Both:  27.75 MB

MaxMetaspaceSize: unlimited
CompressedClassSpaceSize: 1.00 GB
Initial GC threshold: 21.00 MB
Current GC threshold: 21.00 MB
CDS: off
 - commit_granule_bytes: 65536.
 - commit_granule_words: 8192.
 - virtual_space_node_default_size: 8388608.
 - enlarge_chunks_in_place: 1.
UseCompressedClassPointers 1, UseCompactObjectHeaders 0
Narrow klass pointer bits 32, Max shift 3
Narrow klass base: 0x0000000000000000, Narrow klass shift: 0
Encoding Range: [0x0000000000000000 - 0x0000000100000000), (4294967296 bytes)
Klass Range:    [0x0000000008000000 - 0x0000000048000000), (1073741824 bytes)
Klass ID Range:  [134217728 - 1207959545) (1073741817)
No protection zone.


Internal statistics:

num_allocs_failed_limit: 0.
num_arena_births: 2.
num_arena_deaths: 0.
num_vsnodes_births: 2.
num_vsnodes_deaths: 0.
num_space_committed: 51.
num_space_uncommitted: 0.
num_chunks_returned_to_freelist: 0.
num_chunks_taken_from_freelist: 2.
num_chunk_merges: 0.
num_chunk_splits: 2.
num_chunks_enlarged: 0.
num_inconsistent_stats: 0.

CodeHeap 'non-profiled nmethods': size=120064Kb used=0Kb max_used=0Kb free=120064Kb
 bounds [0x00000162e31b0000, 0x00000162e3420000, 0x00000162ea6f0000]
CodeHeap 'profiled nmethods': size=120000Kb used=8Kb max_used=8Kb free=119991Kb
 bounds [0x00000162db6f0000, 0x00000162db960000, 0x00000162e2c20000]
CodeHeap 'non-nmethods': size=5696Kb used=1160Kb max_used=1166Kb free=4535Kb
 bounds [0x00000162e2c20000, 0x00000162e2e90000, 0x00000162e31b0000]
CodeCache: size=245760Kb, used=1168Kb, max_used=1174Kb, free=244590Kb
 total_blobs=290, nmethods=9, adapters=186, full_count=0
Compilation: enabled, stopped_count=0, restarted_count=0

Compilation events (18 events):
Event: 0.085 Thread 0x00000162ef1beee0    6       3       jdk.internal.util.ArraysSupport::unsignedHashCode (36 bytes)
Event: 0.085 Thread 0x00000162ef1beee0 nmethod 6 0x00000162db6f0008 code [0x00000162db6f0100, 0x00000162db6f0320]
Event: 0.085 Thread 0x00000162ef1beee0    7       3       java.lang.String::isLatin1 (19 bytes)
Event: 0.085 Thread 0x00000162ef1beee0 nmethod 7 0x00000162db6f0388 code [0x00000162db6f0480, 0x00000162db6f05e8]
Event: 0.085 Thread 0x00000162ef1beee0    2       3       java.lang.String::charAt (25 bytes)
Event: 0.085 Thread 0x00000162ef1beee0 nmethod 2 0x00000162db6f0688 code [0x00000162db6f0780, 0x00000162db6f0d20]
Event: 0.085 Thread 0x00000162ef1beee0    3       3       java.lang.StringLatin1::charAt (15 bytes)
Event: 0.086 Thread 0x00000162ef1beee0 nmethod 3 0x00000162db6f0d88 code [0x00000162db6f0e80, 0x00000162db6f1048]
Event: 0.086 Thread 0x00000162ef1beee0    8       3       java.lang.Object::<init> (1 bytes)
Event: 0.086 Thread 0x00000162ef1beee0 nmethod 8 0x00000162db6f1088 code [0x00000162db6f1180, 0x00000162db6f1288]
Event: 0.086 Thread 0x00000162ef1beee0    4       3       java.lang.String::checkIndex (10 bytes)
Event: 0.086 Thread 0x00000162ef1beee0 nmethod 4 0x00000162db6f1388 code [0x00000162db6f1480, 0x00000162db6f15b8]
Event: 0.086 Thread 0x00000162ef1beee0    5       3       jdk.internal.util.Preconditions::checkIndex (18 bytes)
Event: 0.086 Thread 0x00000162ef1beee0 nmethod 5 0x00000162db6f1688 code [0x00000162db6f1780, 0x00000162db6f1908]
Event: 0.086 Thread 0x00000162ef1beee0    1       3       java.lang.Byte::toUnsignedInt (6 bytes)
Event: 0.086 Thread 0x00000162ef1beee0 nmethod 1 0x00000162db6f1988 code [0x00000162db6f1a80, 0x00000162db6f1b70]
Event: 0.089 Thread 0x00000162ef1beee0    9       3       java.lang.String::hashCode (60 bytes)
Event: 0.089 Thread 0x00000162ef1beee0 nmethod 9 0x00000162db6f1c88 code [0x00000162db6f1d80, 0x00000162db6f2210]

GC Heap Usage History (0 events):
No events

Metaspace Usage History (0 events):
No events

Dll operation events (1 events):
Event: 0.011 Loaded shared library C:\Program Files\Java\jdk-25\bin\java.dll

Deoptimization events (0 events):
No events

Classes loaded (20 events):
Event: 0.088 Loading class java/util/ImmutableCollections$MapN$1 done
Event: 0.088 Loading class java/util/ImmutableCollections$MapN$MapNIterator
Event: 0.088 Loading class java/util/ImmutableCollections$MapN$MapNIterator done
Event: 0.088 Loading class java/util/KeyValueHolder
Event: 0.088 Loading class java/util/KeyValueHolder done
Event: 0.089 Loading class sun/invoke/util/VerifyAccess
Event: 0.089 Loading class sun/invoke/util/VerifyAccess done
Event: 0.089 Loading class java/lang/module/ModuleDescriptor$1
Event: 0.089 Loading class jdk/internal/access/JavaLangModuleAccess
Event: 0.090 Loading class jdk/internal/access/JavaLangModuleAccess done
Event: 0.090 Loading class java/lang/module/ModuleDescriptor$1 done
Event: 0.090 Loading class java/io/File
Event: 0.090 Loading class java/io/File done
Event: 0.090 Loading class java/io/DefaultFileSystem
Event: 0.090 Loading class java/io/DefaultFileSystem done
Event: 0.090 Loading class java/io/WinNTFileSystem
Event: 0.092 Loading class java/io/FileSystem
Event: 0.093 Loading class java/io/FileSystem done
Event: 0.093 Loading class java/io/WinNTFileSystem done
Event: 0.093 Loading class jdk/internal/util/DecimalDigits

Classes unloaded (0 events):
No events

Classes redefined (0 events):
No events

Internal exceptions (0 events):
No events

VM Operations (0 events):
No events

Memory protections (0 events):
No events

Nmethod flushes (0 events):
No events

Events (9 events):
Event: 0.019 Thread 0x00000162d0bec0c0 Thread added: 0x00000162d0bec0c0
Event: 0.082 Thread 0x00000162d0bec0c0 Thread added: 0x00000162ef186b40
Event: 0.082 Thread 0x00000162d0bec0c0 Thread added: 0x00000162ef1879a0
Event: 0.083 Thread 0x00000162d0bec0c0 Thread added: 0x00000162ef192e50
Event: 0.083 Thread 0x00000162d0bec0c0 Thread added: 0x00000162ef193a10
Event: 0.083 Thread 0x00000162d0bec0c0 Thread added: 0x00000162ef1945d0
Event: 0.083 Thread 0x00000162d0bec0c0 Thread added: 0x00000162ef195190
Event: 0.084 Thread 0x00000162d0bec0c0 Thread added: 0x00000162ef19e2a0
Event: 0.084 Thread 0x00000162d0bec0c0 Thread added: 0x00000162ef1beee0


Dynamic libraries:
0x00007ff611ea0000 - 0x00007ff611eb0000 	C:\Program Files\Java\jdk-25\bin\java.exe
0x00007ff898fb0000 - 0x00007ff8991c8000 	C:\Windows\SYSTEM32\ntdll.dll
0x00007ff897b80000 - 0x00007ff897c44000 	C:\Windows\System32\KERNEL32.DLL
0x00007ff8964f0000 - 0x00007ff8968c3000 	C:\Windows\System32\KERNELBASE.dll
0x00007ff896a10000 - 0x00007ff896b21000 	C:\Windows\System32\ucrtbase.dll
0x00007ff88de80000 - 0x00007ff88de97000 	C:\Program Files\Java\jdk-25\bin\jli.dll
0x00007ff88de60000 - 0x00007ff88de7e000 	C:\Program Files\Java\jdk-25\bin\VCRUNTIME140.dll
0x00007ff897e00000 - 0x00007ff897fb2000 	C:\Windows\System32\USER32.dll
0x00007ff8962d0000 - 0x00007ff8962f6000 	C:\Windows\System32\win32u.dll
0x00007ff8972a0000 - 0x00007ff8972c9000 	C:\Windows\System32\GDI32.dll
0x00007ff882840000 - 0x00007ff882adc000 	C:\Windows\WinSxS\amd64_microsoft.windows.common-controls_6595b64144ccf1df_6.0.22621.6060_none_2712eda17382d24b\COMCTL32.dll
0x00007ff8961b0000 - 0x00007ff8962cb000 	C:\Windows\System32\gdi32full.dll
0x00007ff8980a0000 - 0x00007ff898147000 	C:\Windows\System32\msvcrt.dll
0x00007ff896bb0000 - 0x00007ff896c4a000 	C:\Windows\System32\msvcp_win.dll
0x00007ff896d60000 - 0x00007ff896d91000 	C:\Windows\System32\IMM32.DLL
0x00000000635a0000 - 0x00000000635ad000 	C:\Program Files (x86)\360\Total Security\safemon\SafeWrapper.dll
0x00007ff897d40000 - 0x00007ff897df1000 	C:\Windows\System32\ADVAPI32.dll
0x00007ff897140000 - 0x00007ff8971e8000 	C:\Windows\System32\sechost.dll
0x00007ff8960c0000 - 0x00007ff8960e8000 	C:\Windows\System32\bcrypt.dll
0x00007ff8985d0000 - 0x00007ff8986e8000 	C:\Windows\System32\RPCRT4.dll
0x00007ff893c40000 - 0x00007ff893d45000 	C:\Program Files (x86)\360\Total Security\safemon\libzdtp64.dll
0x00007ff8972d0000 - 0x00007ff897b6c000 	C:\Windows\System32\SHELL32.dll
0x00007ff8968d0000 - 0x00007ff896a0f000 	C:\Windows\System32\wintypes.dll
0x00007ff898850000 - 0x00007ff898be1000 	C:\Windows\System32\combase.dll
0x00007ff898db0000 - 0x00007ff898e19000 	C:\Windows\System32\SHLWAPI.dll
0x00007ff895c30000 - 0x00007ff895c3a000 	C:\Windows\SYSTEM32\VERSION.dll
0x00007ff88e5c0000 - 0x00007ff88e5cc000 	C:\Program Files\Java\jdk-25\bin\vcruntime140_1.dll
0x00007ff85eb90000 - 0x00007ff85ec1d000 	C:\Program Files\Java\jdk-25\bin\msvcp140.dll
0x00007ff846640000 - 0x00007ff84749f000 	C:\Program Files\Java\jdk-25\bin\server\jvm.dll
0x00007ff896e00000 - 0x00007ff896e71000 	C:\Windows\System32\WS2_32.dll
0x00007ff895f90000 - 0x00007ff895fdd000 	C:\Windows\SYSTEM32\POWRPROF.dll
0x00007ff88e730000 - 0x00007ff88e764000 	C:\Windows\SYSTEM32\WINMM.dll
0x00007ff895f70000 - 0x00007ff895f83000 	C:\Windows\SYSTEM32\UMPDC.dll
0x00007ff895000000 - 0x00007ff895018000 	C:\Windows\SYSTEM32\kernel.appcore.dll
0x00007ff88e370000 - 0x00007ff88e37a000 	C:\Program Files\Java\jdk-25\bin\jimage.dll
0x00007ff8939b0000 - 0x00007ff893be3000 	C:\Windows\SYSTEM32\DBGHELP.DLL
0x00007ff897fc0000 - 0x00007ff898098000 	C:\Windows\System32\OLEAUT32.dll
0x00007ff86b370000 - 0x00007ff86b3a2000 	C:\Windows\SYSTEM32\dbgcore.DLL
0x00007ff896300000 - 0x00007ff89637b000 	C:\Windows\System32\bcryptPrimitives.dll
0x00007ff88de30000 - 0x00007ff88de4f000 	C:\Program Files\Java\jdk-25\bin\java.dll
0x00007ff896e80000 - 0x00007ff897021000 	C:\Windows\System32\ole32.dll
0x00007ff893f00000 - 0x00007ff89481a000 	C:\Windows\SYSTEM32\windows.storage.dll
0x00007ff896c50000 - 0x00007ff896d54000 	C:\Windows\System32\SHCORE.dll
0x00007ff895ff0000 - 0x00007ff896015000 	C:\Windows\SYSTEM32\profapi.dll

JVMTI agents: none

dbghelp: loaded successfully - version: 4.0.5 - missing functions: none
symbol engine: initialized successfully - sym options: 0x614 - pdb path: .;C:\Program Files\Java\jdk-25\bin;C:\Windows\SYSTEM32;C:\Windows\WinSxS\amd64_microsoft.windows.common-controls_6595b64144ccf1df_6.0.22621.6060_none_2712eda17382d24b;C:\Program Files (x86)\360\Total Security\safemon;C:\Program Files\Java\jdk-25\bin\server

VM Arguments:
java_command: com.adpl.kedaikopigui.layout.CardLayoutPesan
java_class_path (initial): D:\kuliahhh\arsitektrurPL\KedaiKopiGUI\target\classes
Launcher Type: SUN_STANDARD

[Global flags]
     intx CICompilerCount                          = 4                                         {product} {ergonomic}
     uint ConcGCThreads                            = 2                                         {product} {ergonomic}
     uint G1ConcRefinementThreads                  = 8                                         {product} {ergonomic}
   size_t G1HeapRegionSize                         = 1048576                                   {product} {ergonomic}
   size_t InitialHeapSize                          = 98566144                                  {product} {ergonomic}
   size_t MarkStackSize                            = 4194304                                   {product} {ergonomic}
   size_t MarkStackSizeMax                         = 536870912                                 {product} {ergonomic}
   size_t MaxHeapSize                              = 1564475392                                {product} {ergonomic}
   size_t MaxNewSize                               = 938475520                                 {product} {ergonomic}
   size_t MinHeapDeltaBytes                        = 1048576                                   {product} {ergonomic}
   size_t MinHeapSize                              = 8388608                                   {product} {ergonomic}
    uintx NonNMethodCodeHeapSize                   = 5832704                                {pd product} {ergonomic}
    uintx NonProfiledCodeHeapSize                  = 122945536                              {pd product} {ergonomic}
    uintx ProfiledCodeHeapSize                     = 122880000                              {pd product} {ergonomic}
    uintx ReservedCodeCacheSize                    = 251658240                              {pd product} {ergonomic}
     bool SegmentedCodeCache                       = true                                      {product} {ergonomic}
   size_t SoftMaxHeapSize                          = 1564475392                             {manageable} {ergonomic}
     bool UseCompressedOops                        = true                           {product lp64_product} {ergonomic}
     bool UseG1GC                                  = true                                      {product} {ergonomic}
     bool UseLargePagesIndividualAllocation        = false                                  {pd product} {ergonomic}

Logging:
Log output configuration:
 #0: stdout all=warning uptime,level,tags foldmultilines=false
 #1: stderr all=off uptime,level,tags foldmultilines=false

Release file:
<release file has not been read>
Environment Variables:
JAVA_HOME=C:\Program Files\Java\jdk-25
PATH=C:\Program Files\Common Files\Oracle\Java\javapath;%JAVA_HOME\bin;C:\Program Files (x86)\Common Files\Oracle\Java\javapath;C:\Program Files (x86)\Common Files\Intel\Shared Files\cpp\bin\Intel64;C:\Windows\system32;C:\Windows;C:\Windows\System32\Wbem;C:\Windows\System32\WindowsPowerShell\v1.0\;C:\Windows\System32\OpenSSH\;C:\Program Files\dotnet\;C:\Program Files\Java\jdk-25\bin;C:\Users\Lenovo\AppData\Local\Microsoft\WindowsApps;C:\Users\Lenovo\AppData\Local\Programs\Microsoft VS Code\bin;C:\Program Files\Java\jdk-25\bin;;D:\kuliahhh\netbeans\bin\
USERNAME=Lenovo
OS=Windows_NT
PROCESSOR_IDENTIFIER=AMD64 Family 23 Model 160 Stepping 0, AuthenticAMD
TMP=C:\Users\Lenovo\AppData\Local\Temp
TEMP=C:\Users\Lenovo\AppData\Local\Temp




Compilation memory statistics disabled.

Periodic native trim disabled

---------------  S Y S T E M  ---------------

OS:
 Windows 11 , 64 bit Build 22621 (10.0.22621.5415)
OS uptime: 0 days 1:39 hours
Hyper-V role detected

CPU: total 8 (initial active 8) (8 cores per cpu, 2 threads per core) family 23 model 160 stepping 0 microcode 0x0, cx8, cmov, fxsr, ht, mmx, 3dnowpref, sse, sse2, sse3, ssse3, sse4a, sse4.1, sse4.2, popcnt, lzcnt, tsc, tscinvbit, avx, avx2, aes, clmul, bmi1, bmi2, adx, sha, fma, vzeroupper, clflush, clflushopt, clwb, hv, rdtscp, rdpid, f16c
Processor Information for processor 0
  Max Mhz: 2401, Current Mhz: 2401, Mhz Limit: 2401
Processor Information for processor 1
  Max Mhz: 2401, Current Mhz: 2000, Mhz Limit: 2401
Processor Information for processor 2
  Max Mhz: 2401, Current Mhz: 2000, Mhz Limit: 2401
Processor Information for processor 3
  Max Mhz: 2401, Current Mhz: 2401, Mhz Limit: 2401
Processor Information for processor 4
  Max Mhz: 2401, Current Mhz: 2000, Mhz Limit: 2401
Processor Information for processor 5
  Max Mhz: 2401, Current Mhz: 2000, Mhz Limit: 2401
Processor Information for processor 6
  Max Mhz: 2401, Current Mhz: 2000, Mhz Limit: 2401
Processor Information for processor 7
  Max Mhz: 2401, Current Mhz: 2000, Mhz Limit: 2401

Memory: 4k page, system-wide physical 5965M (468M free)
TotalPageFile size 11276M (AvailPageFile size 4M)
current process WorkingSet (physical memory assigned to process): 25M, peak: 25M
current process commit charge ("private bytes"): 163M, peak: 170M

vm_info: Java HotSpot(TM) 64-Bit Server VM (25+37-LTS-3491) for windows-amd64 JRE (25+37-LTS-3491), built on 2025-08-14T21:13:00Z with unknown MS VC++:1943

END.
